{
   "Content-Type":"multipart\/mixed; boundary=\"------------020601070403020003080006\"",
   "Date":"Fri, 26 Apr 2013 11:50:29 -0700",
   "From":"Bob <bob@mailgun-documentation.everycheck.com>",
   "In-Reply-To":"<517AC78B.5060404@mailgun-documentation.everycheck.com>",
   "Message-Id":"<517ACC75.5010709@mailgun-documentation.everycheck.com>",
   "Mime-Version":"1.0",
   "Received":"from [10.20.76.69] (Unknown [50.56.129.169]) by mxa.mailgun.org with ESMTP id 517acc75.4b341f0-worker2; Fri, 26 Apr 2013 18:50:29 -0000 (UTC)",
   "References":"<517AC78B.5060404@mailgun-documentation.everycheck.com>",
   "Sender":"bob@mailgun-documentation.everycheck.com",
   "Subject":"Re: Sample POST request",
   "To":"Alice <alice@mailgun-documentation.everycheck.com>",
   "User-Agent":"Mozilla\/5.0 (X11; Linux x86_64; rv:17.0) Gecko\/20130308 Thunderbird\/17.0.4",
   "X-Mailgun-Variables":"{\"my_var_1\": \"Mailgun Variable #1\", \"my-var-2\": \"awesome\"}",
   "attachment-count":"2",
   "body-html":"<html>\n  <head>\n    <meta content=\"text\/html; charset=ISO-8859-1\"\n      http-equiv=\"Content-Type\">\n  <\/head>\n  <body text=\"#000000\" bgcolor=\"#FFFFFF\">\n    <div class=\"moz-cite-prefix\">\n      <div style=\"color: rgb(34, 34, 34); font-family: arial,\n        sans-serif; font-size: 12.666666984558105px; font-style: normal;\n        font-variant: normal; font-weight: normal; letter-spacing:\n        normal; line-height: normal; orphans: auto; text-align: start;\n        text-indent: 0px; text-transform: none; white-space: normal;\n        widows: auto; word-spacing: 0px; -webkit-text-size-adjust: auto;\n        -webkit-text-stroke-width: 0px; background-color: rgb(255, 255,\n        255);\">Hi Alice,<\/div>\n      <div style=\"color: rgb(34, 34, 34); font-family: arial,\n        sans-serif; font-size: 12.666666984558105px; font-style: normal;\n        font-variant: normal; font-weight: normal; letter-spacing:\n        normal; line-height: normal; orphans: auto; text-align: start;\n        text-indent: 0px; text-transform: none; white-space: normal;\n        widows: auto; word-spacing: 0px; -webkit-text-size-adjust: auto;\n        -webkit-text-stroke-width: 0px; background-color: rgb(255, 255,\n        255);\"><br>\n      <\/div>\n      <div style=\"color: rgb(34, 34, 34); font-family: arial,\n        sans-serif; font-size: 12.666666984558105px; font-style: normal;\n        font-variant: normal; font-weight: normal; letter-spacing:\n        normal; line-height: normal; orphans: auto; text-align: start;\n        text-indent: 0px; text-transform: none; white-space: normal;\n        widows: auto; word-spacing: 0px; -webkit-text-size-adjust: auto;\n        -webkit-text-stroke-width: 0px; background-color: rgb(255, 255,\n        255);\">This is Bob.<span class=\"Apple-converted-space\">&nbsp;<img\n            alt=\"\" src=\"cid:part1.04060802.06030207@mailgun-documentation.everycheck.com\"\n            height=\"15\" width=\"33\"><\/span><\/div>\n      <div style=\"color: rgb(34, 34, 34); font-family: arial,\n        sans-serif; font-size: 12.666666984558105px; font-style: normal;\n        font-variant: normal; font-weight: normal; letter-spacing:\n        normal; line-height: normal; orphans: auto; text-align: start;\n        text-indent: 0px; text-transform: none; white-space: normal;\n        widows: auto; word-spacing: 0px; -webkit-text-size-adjust: auto;\n        -webkit-text-stroke-width: 0px; background-color: rgb(255, 255,\n        255);\"><br>\n        I also attached a file.<br>\n        <br>\n      <\/div>\n      <div style=\"color: rgb(34, 34, 34); font-family: arial,\n        sans-serif; font-size: 12.666666984558105px; font-style: normal;\n        font-variant: normal; font-weight: normal; letter-spacing:\n        normal; line-height: normal; orphans: auto; text-align: start;\n        text-indent: 0px; text-transform: none; white-space: normal;\n        widows: auto; word-spacing: 0px; -webkit-text-size-adjust: auto;\n        -webkit-text-stroke-width: 0px; background-color: rgb(255, 255,\n        255);\">Thanks,<\/div>\n      <div style=\"color: rgb(34, 34, 34); font-family: arial,\n        sans-serif; font-size: 12.666666984558105px; font-style: normal;\n        font-variant: normal; font-weight: normal; letter-spacing:\n        normal; line-height: normal; orphans: auto; text-align: start;\n        text-indent: 0px; text-transform: none; white-space: normal;\n        widows: auto; word-spacing: 0px; -webkit-text-size-adjust: auto;\n        -webkit-text-stroke-width: 0px; background-color: rgb(255, 255,\n        255);\">Bob<\/div>\n      <br>\n      On 04\/26\/2013 11:29 AM, Alice wrote:<br>\n    <\/div>\n    <blockquote cite=\"mid:517AC78B.5060404@mailgun-documentation.everycheck.com\" type=\"cite\">Hi\n      Bob,\n      <br>\n      <br>\n      This is Alice. How are you doing?\n      <br>\n      <br>\n      Thanks,\n      <br>\n      Alice\n      <br>\n    <\/blockquote>\n    <br>\n  <\/body>\n<\/html>\n",
   "body-plain":"Hi Alice,\n\nThis is Bob.\n\nI also attached a file.\n\nThanks,\nBob\n\nOn 04\/26\/2013 11:29 AM, Alice wrote:\n> Hi Bob,\n>\n> This is Alice. How are you doing?\n>\n> Thanks,\n> Alice\n\n",
   "content-id-map":"{\"<part1.04060802.06030207@mailgun-documentation.everycheck.com>\": \"attachment-1\"}",
   "from":"Bob <bob@mailgun-documentation.everycheck.com>",
   "message-headers":"[[\"Received\", \"by luna.mailgun.net with SMTP mgrt 8788212249833; Fri, 26 Apr 2013 18:50:30 +0000\"], [\"Received\", \"from [10.20.76.69] (Unknown [50.56.129.169]) by mxa.mailgun.org with ESMTP id 517acc75.4b341f0-worker2; Fri, 26 Apr 2013 18:50:29 -0000 (UTC)\"], [\"Message-Id\", \"<517ACC75.5010709@mailgun-documentation.everycheck.com>\"], [\"Date\", \"Fri, 26 Apr 2013 11:50:29 -0700\"], [\"From\", \"Bob <bob@mailgun-documentation.everycheck.com>\"], [\"User-Agent\", \"Mozilla\/5.0 (X11; Linux x86_64; rv:17.0) Gecko\/20130308 Thunderbird\/17.0.4\"], [\"Mime-Version\", \"1.0\"], [\"To\", \"Alice <alice@mailgun-documentation.everycheck.com>\"], [\"Subject\", \"Re: Sample POST request\"], [\"References\", \"<517AC78B.5060404@mailgun-documentation.everycheck.com>\"], [\"In-Reply-To\", \"<517AC78B.5060404@mailgun-documentation.everycheck.com>\"], [\"X-Mailgun-Variables\", \"{\\\"my_var_1\\\": \\\"Mailgun Variable #1\\\", \\\"my-var-2\\\": \\\"awesome\\\"}\"], [\"Content-Type\", \"multipart\/mixed; boundary=\\\"------------020601070403020003080006\\\"\"], [\"Sender\", \"bob@mailgun-documentation.everycheck.com\"]]",
   "recipient":"monica@mailgun-documentation.everycheck.com",
   "sender":"chandler@mailgun-documentation.everycheck.com",
   "signature":"e96806087e0b1c934a793653d0a518f2a1ff16d84de657844e7662d74d63438c",
   "stripped-html":"<html><head>\n    <meta content=\"text\/html; charset=ISO-8859-1\" http-equiv=\"Content-Type\">\n  <\/head>\n  <body bgcolor=\"#FFFFFF\" text=\"#000000\">\n    <div class=\"moz-cite-prefix\">\n      <div style=\"color: rgb(34, 34, 34); font-family: arial,\n        sans-serif; font-size: 12.666666984558105px; font-style: normal;\n        font-variant: normal; font-weight: normal; letter-spacing:\n        normal; line-height: normal; orphans: auto; text-align: start;\n        text-indent: 0px; text-transform: none; white-space: normal;\n        widows: auto; word-spacing: 0px; -webkit-text-size-adjust: auto;\n        -webkit-text-stroke-width: 0px; background-color: rgb(255, 255,\n        255);\">Hi Alice,<\/div>\n      <div style=\"color: rgb(34, 34, 34); font-family: arial,\n        sans-serif; font-size: 12.666666984558105px; font-style: normal;\n        font-variant: normal; font-weight: normal; letter-spacing:\n        normal; line-height: normal; orphans: auto; text-align: start;\n        text-indent: 0px; text-transform: none; white-space: normal;\n        widows: auto; word-spacing: 0px; -webkit-text-size-adjust: auto;\n        -webkit-text-stroke-width: 0px; background-color: rgb(255, 255,\n        255);\"><br>\n      <\/div>\n      <div style=\"color: rgb(34, 34, 34); font-family: arial,\n        sans-serif; font-size: 12.666666984558105px; font-style: normal;\n        font-variant: normal; font-weight: normal; letter-spacing:\n        normal; line-height: normal; orphans: auto; text-align: start;\n        text-indent: 0px; text-transform: none; white-space: normal;\n        widows: auto; word-spacing: 0px; -webkit-text-size-adjust: auto;\n        -webkit-text-stroke-width: 0px; background-color: rgb(255, 255,\n        255);\">This is Bob.<span class=\"Apple-converted-space\">&#160;<img width=\"33\" alt=\"\" height=\"15\" src=\"cid:part1.04060802.06030207@mailgun-documentation.everycheck.com\"><\/span><\/div>\n      <div style=\"color: rgb(34, 34, 34); font-family: arial,\n        sans-serif; font-size: 12.666666984558105px; font-style: normal;\n        font-variant: normal; font-weight: normal; letter-spacing:\n        normal; line-height: normal; orphans: auto; text-align: start;\n        text-indent: 0px; text-transform: none; white-space: normal;\n        widows: auto; word-spacing: 0px; -webkit-text-size-adjust: auto;\n        -webkit-text-stroke-width: 0px; background-color: rgb(255, 255,\n        255);\"><br>\n        I also attached a file.<br>\n        <br>\n      <\/div>\n      <div style=\"color: rgb(34, 34, 34); font-family: arial,\n        sans-serif; font-size: 12.666666984558105px; font-style: normal;\n        font-variant: normal; font-weight: normal; letter-spacing:\n        normal; line-height: normal; orphans: auto; text-align: start;\n        text-indent: 0px; text-transform: none; white-space: normal;\n        widows: auto; word-spacing: 0px; -webkit-text-size-adjust: auto;\n        -webkit-text-stroke-width: 0px; background-color: rgb(255, 255,\n        255);\">Thanks,<\/div>\n      <div style=\"color: rgb(34, 34, 34); font-family: arial,\n        sans-serif; font-size: 12.666666984558105px; font-style: normal;\n        font-variant: normal; font-weight: normal; letter-spacing:\n        normal; line-height: normal; orphans: auto; text-align: start;\n        text-indent: 0px; text-transform: none; white-space: normal;\n        widows: auto; word-spacing: 0px; -webkit-text-size-adjust: auto;\n        -webkit-text-stroke-width: 0px; background-color: rgb(255, 255,\n        255);\">Bob<\/div>\n      <br>\n      On 04\/26\/2013 11:29 AM, Alice wrote:<br>\n    <\/div>\n    <br>\n  \n\n<\/body><\/html>",
   "stripped-signature":"Thanks,\nBob",
   "stripped-text":"Hi Alice,\n\nThis is Bob.\n\nI also attached a file.",
   "subject":"Re: Sample POST request",
   "timestamp":"1564472136",
   "token":"01db5d1ce859f1ef7c8cc7f6ef2b1df6c66989725244a5a12c"
}