{
  "id": 3,
  "name" : "posted",
  "value": 418
}